[-0.61631804 -0.48918502 -0.53086193 -0.36242881 -0.54014467 -0.46368119
 -0.50396102 -0.42347219 -0.35033018 -0.2617828  -0.30793551 -0.21543529
 -0.59425876 -0.59287496 -0.47491241 -0.39045501 -0.5164061  -0.48946278
 -0.4757754  -0.44822802 -0.29131498 -0.23375286 -0.2434879  -0.18528535
 -0.15307234 -0.15476077  0.07867452  0.13700813 -0.00234993  0.05723278
 -0.14527353 -0.08635358 -0.16636304 -0.0654798   0.0456652   0.19433073
  0.11639207 -0.25325359 -0.2027039   0.0497068  -0.01951094 -0.0775955
  0.03394622  0.13645241 -0.09519841 -0.03565206 -0.04255409  0.01645771
  0.04035081  0.0398602   0.19433062]
