[-0.60570294 -0.60686901 -0.60625788 -0.56191572 -0.5623399  -0.51658103
 -0.51803494 -0.51725568 -0.47307159 -0.47361836 -0.42765041 -0.42947955
 -0.42847702 -0.38446781 -0.38517117 -0.33892049 -0.34119642 -0.33992491
 -0.29608757 -0.29696655 -0.25038337 -0.25311767 -0.25157145 -0.20787409
 -0.20891216 -0.16201017 -0.16511737 -0.16335648 -0.11974195 -0.12087999
 -0.07375436 -0.07706348 -0.07520361 -0.03160814 -0.03276514  0.01443695
  0.01111953  0.01295376  0.05657983  0.05547415  0.10260964  0.09943704
  0.1011551   0.14483864  0.14382594  0.19079472  0.18785565  0.18941283
  0.23316171  0.2322568 ]
