[-1.43470952 -1.41761592 -1.39837065 -1.33758368 -1.43774852 -1.29632967
 -1.2747674  -1.41526509 -1.33048779 -1.30869771 -1.44318526 -1.34783697
 -1.323133   -1.45493946 -1.43602456 -1.45320089 -1.27725433 -1.45185674
 -1.28263215 -1.34394849 -1.29221144 -1.42158121 -1.27835006 -1.41723336
 -1.43086266 -1.29983437 -1.41676955 -1.31984258 -1.45577714 -1.39837444
 -1.29636498 -1.39699592 -1.33555078 -1.43968777 -1.31515151 -1.28046259
 -1.30549658 -1.28573396 -1.4549066  -1.40000118 -1.4178087  -1.4359339
 -1.45428474 -1.45896768 -1.45989552 -1.32261675 -1.42442957 -1.39835769
 -1.31161939 -1.28569318 -1.30506917]
